// Jest Snapshot v1, https://goo.gl/fbAQLP

exports[`Main Page 1`] = `
<div
  className="tc"
>
  <Memo(Header) />
  <Memo(SearchBox) />
  <Scroll>
    <ErrorBoundry>
      <CardList
        robots={
          Array [
            Object {
              "email": "Sincere@april.biz",
              "id": 1,
              "name": "Leanne Graham",
              "username": "Bret",
            },
            Object {
              "email": "Shanna@melissa.tv",
              "id": 2,
              "name": "Ervin Howell",
              "username": "Antonette",
            },
            Object {
              "email": "Nathan@yesenia.net",
              "id": 3,
              "name": "Clementine Bauch",
              "username": "Samantha",
            },
            Object {
              "email": "Julianne.OConner@kory.org",
              "id": 4,
              "name": "Patricia Lebsack",
              "username": "Karianne",
            },
            Object {
              "email": "Lucio_Hettinger@annie.ca",
              "id": 5,
              "name": "Chelsey Dietrich",
              "username": "Kamren",
            },
            Object {
              "email": "Karley_Dach@jasper.info",
              "id": 6,
              "name": "Mrs. Dennis Schulist",
              "username": "Leopoldo_Corkery",
            },
            Object {
              "email": "Telly.Hoeger@billy.biz",
              "id": 7,
              "name": "Kurtis Weissnat",
              "username": "Elwyn.Skiles",
            },
            Object {
              "email": "Sherwood@rosamond.me",
              "id": 8,
              "name": "Nicholas Runolfsdottir V",
              "username": "Maxime_Nienow",
            },
            Object {
              "email": "Chaim_McDermott@dana.io",
              "id": 9,
              "name": "Glenna Reichert",
              "username": "Delphine",
            },
            Object {
              "email": "Rey.Padberg@karina.biz",
              "id": 10,
              "name": "Clementina DuBuque",
              "username": "Moriah.Stanton",
            },
          ]
        }
      />
    </ErrorBoundry>
  </Scroll>
</div>
`;
