// Jest Snapshot v1, https://goo.gl/fbAQLP

exports[`App 1`] = `
<Provider
  store={
    Object {
      "dispatch": [Function],
      "getState": [Function],
      "replaceReducer": [Function],
      "subscribe": [Function],
      Symbol(observable): [Function],
    }
  }
>
  <App>
    <h1>
      Loading...
    </h1>
  </App>
</Provider>
`;
